[   .00000] Initializig group subsys cpuset
[    0.000000] Initializing croup subsyss cpu
[  0.000000] Initializing cgroup subsys cpuacct
[    0.000000] Linux version 4.4.0-145-generic (buildd@lcy01-amd64-023) (gcc version 5.4.0 20160609 (Ubuntu 5.4.0-6ubuntu1~16.04.10) ) #171-Ubuntu SMP Tue Mar 26 12:44:29 UTC 2019 (Ubuntu 4.4.0-145.171-generic 4.4.176)
[    0.000000] KERNEL supported cpus:
[    0.000000]   Intel GenuineIntel
[    0.000000]   AMD AuthenticAMD
[    0.000000]   NSC Geode by NSC
[    0.000000]   Cyrix CyrixInstead
[    0.000000]   Centaur CentaurHauls
[    0.000000]   Transmeta GenuineTMx86
[    0.000000]   Transmeta TransmetaCPU
[    0.000000]   UMC UMC UMC UMC
[    0.000000] x86/fpu: xstate_offset[2]:  576, xstate_sizes[2]:  256
[    0.000000] x86/fpu: Supporting XSAVE feature 0x01: 'x87 floating point registers'
[    0.000000] x86/fpu: Supporting XSAVE feature 0x02: 'SSE registers'
[    0.000000] x86/fpu: Supporting XSAVE feature 0x04: 'AVX registers'
[    0.000000] x86/fpu: Enabled xstate features 0x7, context size is 832 bytes, using 'standard' format.
[    0.000000] e820: BIOS-provided physical RAM map:
[    0.000000] BIOS-e820: [mem 0x0000000000000000-0x000000000009fbff] usable
[    0.000000] BIOS-e820: [mem 0x000000000009fc00-0x000000000009ffff] reserved
[    0.000000] BIOS-e820: [mem 0x00000000000f0000-0x00000000000fffff] reserved
[    0.000000] BIOS-e820: [mem 0x0000000000100000-0x000000003ffeffff] usable
[    0.000000] BIOS-e820: [mem 0x000000003fff0000-0x000000003fffffff] ACPI data
[    0.000000] BIOS-e820: [mem 0x00000000fec00000-0x00000000fec00fff] reserved
[    0.000000] BIOS-e820: [mem 0x00000000fee00000-0x00000000fee00fff] reserved
[    0.000000] BIOS-e820: [mem 0x00000000fffc0000-0x00000000ffffffff] reserved
[    0.000000] NX (Execute Disable) protection: active
[    0.000000] SMBIOS 2.5 present.
[    0.000000] Hypervisor detected: KVM
[    0.000000] e820: last_pfn = 0x3fff0 max_arch_pfn = 0x1000000
[    0.000000] MTRR: Disabled
[    0.000000] x86/PAT: MTRRs disabled, skipping PAT initialization too.
[    0.000000] CPU MTRRs all blank - virtualized system.
[    0.000000]] x8PA Cnnfiraon [7]WB WT C-C  W W UC-C 
[    0.0000 fond SMP P-bl at [me0x09fff0-0x0009ffff] mapped at [c009fff0]
[    0.000000] Scanning 1 areas for low memory corruption
[    0.000000] RAMDISK: [mem 0x363c0000-0x371d7fff]
[    0.000000] ACPI: Early table checksum verifiatn isabd[   .00000] PIRSDP x00000000E0000 000024 (v02 VBOX  )
[    0.000000] ACPI: XSDT 0x000000003FFF0030 00003C (v01 VBOX   VBOXXSDT 00000001 ASL  00000061)
[    0.000000] ACPI: FACP 0x000000003FFF00F0 0000F4 (v04 VBOX   VBOXFACP 00000001 ASL  00000061)
[    0.000000] ACPI: DSDT 0x000000003FFF0470 0021FF (v02 VBOX   VBOXBIOS 00000002 INTL 20100528)
[    0.000000] ACPI: FACS 0x000000003FFF0200 000040
[    0.000000] ACPI: FACS 0x000000003FFF0200 000040
[    0.000000] ACPI: APIC 0x000000003FFF0240 00005C (v02 VBOX   VBOXAPIC 00000001 ASL  00000061)
[    0.000000] ACPI: SSDT 0x000000003FFF02A0 0001CC (v01 VBOX   VBOXCPUT 00000002 INTL 20100528)
[    0.000000] 131MB HIGHMEM available.
[    0.000000] 891MB LOWMEM available.
[    0.000000]   mapped low ram: 0 - 37bfe000
[    0.000000]   low ram: 0 - 37bfe000
[    0.000000] kvm-clock: Using msrs 4b564d01 and 4b564d00
[    0.000000] kvm-clock: cpu 0, msr 0:37bfd001, primary cpu clock
[    0.000000] kvm-clock: using sched offset of 3120825843 cycles
[    0.00] clksrce:vmlock: mask: 0xffffffffffffffff x_cycles: 0x1cd42e4dffb, max_idle_ns: 881590591483 ns
[    0.000000] Zone ranges:
[    0.000000]   DMA      [mem 0x0000000000001000-0x0000000000ffffff]
[    0.000000]   Normal   [mem 0x0000000001000000-0x0000000037bfdfff]
[    0.000000]   HighMem  [mem x0000003fe000x00003fffff]
[    0.000000] Movable zone start for each node
[    0.000000] Early memory node ranges
[    0.000000]   node   0: [mem 0x0000000000001000-0x000000000009efff]
[    0.000000]   node   0: [mem 0x0000000000100000-0x000000003ffeffff]
[    0.000000] Initmem setup node 0 [mem 0x0000000000001000-0x000000003ffeffff]
[    0.000000] Using APIC driver default
[    0.000000] ACPI: PM-Timer IO Port: 0x4008
[    0.000000] IOAPIC[0]: apic_id 2, version 32, address 0xfec00000, GSI 0-23
[    0.000000] ACPI: INT_SRC_OVR (bus 0 bus_irq 0 global_irq 2 dfl dfl)
[    0.000000] ACPI: INT_SRC_OVR (bus 0 bus_irq 9 global_irq 9 low level)
[    0.000000] Using ACPI (MADT) for SMP configuration information
[    0.000000] smpboot: Allowing 2 CPUs, 0 hotplug CPUs
[    0.000000] PM: Registered nosave memory: [mem 0x00000000-0x00000fff]
[    0.000000] PM: Registered nosave memory: [mem 0x0009f000-0x0009ffff]
[    0.000000] PM: Registered nosave memory: [mem 0x000a0000-0x000effff]
[    0.000000] PM: Registered nosave memory: [mem 0x000f0000-0x000fffff]
[    0.000000] e820: [mem 0x40000000-0xfebfffff] available for PCI devices
[    0.000000] Booting paravirtualized kernel on KVM
[    0.000000] clocksource: refined-jiffies: mask: 0xffffffff max_cycles: 0xffffffff, max_idle_ns: 7645519600211568 ns
[    0.000000] setup_percpu: NR_CPUS:8 nr_cpumask_bits:8 nr_cpu_ids:2 nr_node_ids:1
[    0.000000] PERCPU: Embedded 19 pages/cpu @f6398000 s47308 r0 d30516 u77824
[    0.000000] Built 1 zonelists in Zone order, mobility grouping on.  Total pages: 259800
[    0.000000] Kernel command line: BOOT_IMAGE=/boot/vmlinuz-4.4.0-145-generic root=LABEL=cloudimg-rootfs ro console=tty1 console=ttyS0
[    0.000000] PID hash table entries: 4096 (order: 2, 16384 bytes)
[    0.000000] Dentry cache hash table entries: 131072 (order: 7, 524288 bytes)
[    0.000000] Inode-cache hash table entries: 65536 (order: 6, 262144 bytes)
[    0.000000] Initializing CPU#0
[    0.000000] Initializing HighMem for node 0 (00037bfe:0003fff0)
[    0.000000] Initializing Movable for node 0 (00000000:00000000)
[    0.000000] Memory: 1008340K/1048120K available (8098K kernel code, 792K rwdata, 3184K rodata, 932K init, 784K bss, 39780K reserved, 0K cma-reserved, 135112K highmem)
[    0.000000] virtual kernel memory layout:
[    0.000000]     fixmap  : 0xfff15000 - 0xfffff000   ( 936 kB)
[    0.000000]     pkmap   : 0xffc00000 - 0xffe00000   (2048 kB)
[    0.000000]     vmalloc : 0xf83fe000 - 0xffbfe000   ( 120 MB)
[    0.000000]     lowmem  : 0xc0000000 - 0xf7bfe000   ( 891 MB)
[    0.000000]       .init : 0xc1bcf000 - 0xc1cb8000   ( 932 kB)
[    0.000000]       .data : 0xc17e8dc8 - 0xc1bcd100   (3984 kB)
[    0.000000]       .text : 0xc1000000 - 0xc17e8dc8   (8099 kB)
[    0.000000] Checking if this processor honours the WP bit even in supervisor mode...Ok.
[    0.000000] SLUB: HWalign=64, Order=0-3, MinObjects=0, CPUs=2, Nodes=1
[    0.000000] Hierarchical RCU implementation.
[    0.000000] 	Build-time adjustment of leaf fanout to 32.
[    0.000000] 	RCU restricting CPUs from NR_CPUS=8 to nr_cpu_ids=2.
[    0.000000] RCU: Adjusting geometry for rcu_fanout_leaf=32, nr_cpu_ids=2
[    0.000000] NR_IRQS:2304 nr_irqs:440 16
[    0.000000] Console: colour VGA+ 80x25
[    0.000000] console [tty1] enabled
[    0.000000] console [ttyS0] enabled
[    0.000000] allocated 1048576 bytes of page_ext
[    0.000000] tsc: Detected 3192.000 MHz processor
[    1.401251] Calibrating delay loop (skipped) preset value.. 6384.00 BogoMIPS (lpj=12768000)
[    1.402549] pid_max: default: 32768 minimum: 301
[    1.403231] ACPI: Core revision 20150930
[    1.404577] ACPI: 2 ACPI AML tables successfully acquired and loaded
[    1.405579] Security Framework initialized
[    1.406202] Yama: becoming mindful.
[    1.406746] AppArmor: AppArmor initialized
[    1.407386] Mount-cache hash table entries: 2048 (order: 1, 8192 bytes)
[    1.408277] Mountpoint-cache hash table entries: 2048 (order: 1, 8192 bytes)
[    1.409307] Initializing cgroup subsys io
[    1.409898] Initializing cgroup subsys memory
[    1.410575] Initializing cgroup subsys devices
[    1.411247] Initializing cgroup subsys freezer
[    1.411950] Initializing cgroup subsys net_cls
[    1.412669] Initializing cgroup subsys perf_event
[    1.413391] Initializing cgroup subsys net_prio
[    1.414134] Initializing cgroup subsys hugetlb
[    1.414846] Initializing cgroup subsys pids
[    1.417499] mce: CPU supports 0 MCE banks
[    1.418222] Last level iTLB entries: 4KB 128, 2MB 8, 4MB 8
[    1.419069] Last level dTLB entries: 4KB 64, 2MB 0, 4MB 0, 1GB 4
[    1.419923] Spectre V2 : Mitigation: Full generic retpoline
[    1.420709] Spectre V2 : Spectre v2 / SpectreRSB mitigation: Filling RSB on context switch
[    1.421991] Speculative Store Bypass: Vulnerable
[    1.425341] Freeing SMP alternatives memory: 36K
[    1.430355] ftrace: allocating 31556 entries in 62 pages
[    1.481905] smpboot: APIC(0) Converting physical 0 to logical package 0
[    1.660335] smpboot: Max logical packages: 1
[    1.796773] Enabling APIC mode:  Flat.  Using 1 I/O APICs
[    1.942339] ..TIMER: vector=0x30 apic1=0 pin1=2 apic2=-1 pin2=-1
[  2.165892] smpboot: CPU0: Intel(R) Core(TM) i5-6500 CPU @ 3.20GHz (family: 0x6, model: 0x5e, stepping: 0x3)
[    2.366257] Performance Events: unsupported p6 CPU model 94 no PMU driver, software events only.
[    2.460638] KVM setup paravirtual spinlock
[    2.461896] x86: Booting SMP configuration:
[    2.462566] .... node  #0, CPUs:      #1
[1266874886.588725] Initializing CPU#1
[    2.463752] kvm-clock: cpu 1, msr 0:37bfd041, secondary cpu clock
[    2.466229] mce: CPU supports 0 MCE banks
[    2.468607] x86: Booted up 1 node, 2 CPUs
[    2.469408] smpboot: Total of 2 processors activated (12768.00 BogoMIPS)
[    2.470848] devtmpfs: initialized
[    2.584893] evm: security.selinux
[    2.593792] evm: security.SMACK64
[    2.594350] evm: security.SMACK64EXEC
[    2.594901] evm: security.SMACK64TRANSMUTE
[    2.636761] evm: security.SMACK64MMAP
[    2.713412] evm: security.ima
[    2.713937] evm: security.capability
[    2.714898] clocksource: jiffies: mask: 0xffffffff max_cycles: 0xffffffff, max_idle_ns: 7645041785100000 ns
[    2.978609] futex hash table entries: 512 (order: 3, 32768 bytes)
[    3.003444] pinctrl core: initialized pinctrl subsystem
[    3.119762] RTC time: 23:19:43, date: 04/18/19
[    3.169653] NET: Registered protocol family 16
[    3.170440] EISA bus registered
[    3.184043] cpuidle: using governor ladder
[    3.300035] cpuidle: using governor menu
[    3.323991] PCCT header not found.
[    3.324780] ACPI: bus type PCI registered
[    3.350320] acpiphp: ACPI Hot Plug PCI Controller Driver version: 0.5
[    3.476341] PCI : PCI BIOS area is rw and x. Use pci=nobios if you want it NX.
[    3.651414] PCI: PCI BIOS revision 2.10 entry at 0xfda26, last bus=0
[    3.785406] PCI: Using configuration type 1 for base access
[    3.799865] ACPI: Added _OSI(Module Device)
[    3.881674] ACPI: Added _OSI(Processor Device)
[    4.002330] ACPI: Added _OSI(3.0 _SCP Extensions)
[    4.177950] ACPI: Added _OSI(Processor Aggregator Device)
[    4.303438] ACPI: Executed 1 blocks of module-level executable AML code
[    4.306142] ACPI: Interpreter enabled
[    4.306788] ACPI: (supports S0 S5)
[    4.307425] ACPI: Using IOAPIC for interrupt routing
[    4.308266] PCI: Using host bridge windows from ACPI; if necessary, use "pci=nocrs" and report a bug
[    4.312294] ACPI: PCI Root Bridge [PCI0] (domain 0000 [bus 00-ff])
[    4.313199] acpi PNP0A03:00: _OSC: OS supports [ASPM ClockPM Segments MSI]
[    4.322215] acpi PNP0A03:00: _OSC: not requesting OS control; OS requires [ExtendedConfig ASPM ClockPM MSI]
[    4.323584] acpi PNP0A03:00: fail to add MMCONFIG information, can't access extended PCI configuration space under this bridge.
[    4.331335] PCI host bridge to bus 0000:00
[    4.331960] pci_bus 0000:00: root bus resource [io  0x0000-0x0cf7 window]
[    4.332835] pci_bus 0000:00: root bus resource [io  0x0d00-0xffff window]
[    4.333783] pci_bus 0000:00: root bus resource [mem 0x000a0000-0x000bffff window]
[    4.334910] pci_bus 0000:00: root bus resource [mem 0x40000000-0xfdffffff window]
[    4.336015] pci_bus 0000:00: root bus resource [bus 00-ff]
[    4.338000] pci 0000:00:01.1: legacy IDE quirk: reg 0x10: [io  0x01f0-0x01f7]
[    4.338922] pci 0000:00:01.1: legacy IDE quirk: reg 0x14: [io  0x03f6]
[    4.339805] pci 0000:00:01.1: legacy IDE quirk: reg 0x18: [io  0x0170-0x0177]
[    4.340715] pci 0000:00:01.1: legacy IDE quirk: reg 0x1c: [io  0x0376]
[    4.355881] pci 0000:00:07.0: quirk: [io  0x4000-0x403f] claimed by PIIX4 ACPI
[    4.357660] pci 0000:00:07.0: quirk: [io  0x4100-0x410f] claimed by PIIX4 SMB
[    4.416354] ACPI: PCI Interrupt Link [LNKA] (IRQs 5 9 10 *11)
[    4.533725] ACPI: PCI Interrupt Link [LNKB] (IRQs 5 9 *10 11)
[    4.534939] ACPI: PCI Interrupt Link [LNKC] (IRQs 5 *9 10 11)
[    4.543058] ACPI: PCI Interrupt Link [LNKD] (IRQs 5 9 10 *11)
[    4.544386] ACPI: Enabled 2 GPEs in block 00 to 07
[    4.545582] vgaarb: setting as boot device: PCI:0000:00:02.0
[    4.606365] vgaarb: device added: PCI:0000:00:02.0,decodes=io+mem,owns=io+mem,locks=none
[    4.607536] vgaarb: loaded
[    4.608078] vgaarb: bridge control possible 0000:00:02.0
[    4.609009] SCSI subsystem initialized
[    4.609916] ACPI: bus type USB registered
[    4.721861] usbcore: registered new interface driver usbfs
[    4.731104] usbcore: registered new interface driver hub
[    4.810130] usbcore: registered new device driver usb
[    4.855845] PCI: Using ACPI for IRQ routing
[    4.862921] NetLabel: Initializing
[    4.863483] NetLabel:  domain hash size = 128
[    4.864160] NetLabel:  protocols = UNLABELED CIPSOv4
[    4.864906] NetLabel:  unlabeled traffic allowed by default
[    4.865954] amd_nb: Cannot enumerate AMD northbridges
[    5.012483] clocksource: Switched to clocksource kvm-clock
[   .086] ppmo: pArmor Filesystem Enabled
[    5.355476] pnp: PnP ACPI init
[    5.356555] pnp: PnP ACPI: found 3 devices
[    5.357177] PnPBIOS: Disabled by ACPI PNP

[  598172] clocksource: acppmma: ffffaxcyes 0xffff,axdlns207024s  6.49] T: Regted otolamy 

[    .8222]CPstliedastae trs:19 (de 3328 te
[    6756TC bindas tleenies:19(orer4,656 te
  8.578]CPHa tle congued (stabsh 82 bind 8192)
[    9.057071] UDP hash table entries: 512 (order: 2, 16384 bytes)
[    9.057857] UDP-Lite hash table entries: 2 rd:  184yt)  9.014]ETRegisred protocol family 1
[    9.720289] pci 0000:00:00.0: Limiting direct PCI/PCI transfers
[    9.721890] pci 0000:00:01.0: Activating ISA DMA hang workarounds
[    9.722929] Unpacking initramfs...

[    9.940817] Freeing initrd memory: 14432K
[   10.088472] platform rtc_cmos: registered platform RTC device (no PNP device found)
[   10.368222] Scanning for low memory corruption every 60 seconds
[   10.516803] audit: initializing netlink subsys (disabled)
[   10.601562] audit: type=2000 audit(1555629591.101:1): initialized
[   10.724602] Initialise system trusted keyring
[   10.725693] HugeTLB registered 2 MB page size, pre-allocated 0 pages
[   10.750474] zbud: loaded
[   10.763833] VFS: Disk quotas dquot_6.6.0
[   10.837157] VFS: Dquot-cache hash table entries: 1024 (order 0, 4096 bytes)
[   10.914027] squashfs: version 4.0 (2009/01/31) Phillip Lougher
[   10.982725] fuse init (API version 7.23)
[   11.066989] Key type big_key registered
[   11.067635] Allocating IMA MOK and blacklist keyrings.
[   11.070604] Key type asymmetric registered
[   11.150352] tsc: Refined TSC clocksource calibration: 3192.578 MHz
[   11.159578] clocksource: tsc: mask: 0xffffffffffffffff max_cycles: 0x2e04e708733, max_idle_ns: 440795283637 ns
[   11.160687] Asymmetric key parser 'x509' registered
[   11.160700] bounce: pool size: 64 pages
[   11.160731] Block layer SCSI generic (bsg) driver version 0.4 loaded (major 249)
ÿ[   11.160768] io scheduler noop registered
[   11.160769] io scheduler deadline registered (default)
[   11.160790] io scheduler cfq registered
[   11.160869] pci_hotplug: PCI Hot Plug PCI Core version: 0.5
[   11.160873] pciehp: PCI Express Hot Plug Controller Driver version: 0.4
[   11.160964] ACPI: AC Adapter [AC] (on-line)
[   11.161003] input: Power Button as /devices/LNXSYSTM:00/LNXPWRBN:00/input/input0
[   11.161005] ACPI: Power Button [PWRF]
[   11.161052] input: Sleep Button as /devices/LNXSYSTM:00/LNXSLPBN:00/input/input1
[   11.161053] ACPI: Sleep Button [SLPF]
[   11.161230] GHES: HEST is not enabled!
[   11.405129] isapnp: Scanning for PnP cards...
[   11.410726] Serial: 8250/16550 driver, 32 ports, IRQ sharing enabled
[   11.567045] 00:02: ttyS0 at I/O 0x3f8 (irq = 4, base_baud = 115200) is a 16550A
[   11.833714] Linux agpgart interface v0.103
[   11.954148] loop: module loaded
[   12.029395] scsi host0: ata_piix
[   12.034666] isapnp: No Plug & Play device found
[   12.094291] scsi host1: ata_piix
[   12.128721] ata1: PATA max UDMA/33 cmd 0x1f0 ctl 0x3f6 bmdma 0xd000 irq 14
[   12.172324] ata2: PATA max UDMA/33 cmd 0x170 ctl 0x376 bmdma 0xd008 irq 15
[   12.173699] libphy: Fixed MDIO Bus: probed
[   12.174576] tun: Universal TUN/TAP device driver, 1.6
[   12.210044] tun: (C) 1999-2004 Max Krasnyansky <maxk@qualcomm.com>
[   12.383020] PPP generic driver version 2.4.2
[   12.385185] ehci_hcd: USB 2.0 'Enhanced' Host Controller (EHCI) Driver
[   12.386227] ehci-pci: EHCI PCI platform driver
[   12.446401] ehci-platform: EHCI generic platform driver
[   12.560935] ohci_hcd: USB 1.1 'Open' Host Controller (OHCI) Driver
[   12.715518] ohci-pci: OHCI PCI platform driver
[   12.811653] ohci-platform: OHCI generic platform driver
[   12.849099] uhci_hcd: USB Universal Host Controller Interface driver
[   12.863251] i8042: PNP: PS/2 Controller [PNP0303:PS2K,PNP0f03:PS2M] at 0x60,0x64 irq 1,12
[   12.877280] serio: i8042 KBD port at 0x60,0x64 irq 1
[   12.878020] serio: i8042 AUX port at 0x60,0x64 irq 12
[   12.878810] mousedev: PS/2 mouse device common for all mice
[   12.918929] input: AT Translated Set 2 keyboard as /devices/platform/i8042/serio0/input/input2
[   13.175267] rtc_cmos rtc_cmos: rtc core: registered rtc_cmos as rtc0
[   13.319259] rtc_cmos rtc_cmos: alarms up to one day, 114 bytes nvram
[   13.320211] i2c /dev entries driver
[   13.321145] dicmaer: ve: rsn 0.

[   13.743488] device-mapper: ioctl: 4.34.0-ioctl (2015-10-28) initialised: dm-devel@redhat.com
[   13.894186] platform eisa.0: Probing EISA bus 0
[   13.895281] platform eisa.0: EISA: Cannot allocate resource for mainboard
[   13.903493] platforeia.: nn allocate resource for EISA slot 1
[   14.097318] platform eisa.0: Cannot allocate resource for EISA slot 2
[   14.098240] platform eisa.0: Cannot allocate resource for EISA slot 3
[   14.099157] platform eisa.0: Cannot allocate resource for EISA slot 4
[   14.100072] platform eisa.0: Cannot allocate resource for EISA slot 5
[   14.101081] platform eisa.0: Cannot allocate resource for EISA slot 6
[   14.102000] platform eisa.0: Cannot allocate resource for EISA slot 7
[   14.102918] platform eisa.0: Cannot allocate resource for EISA slot 8
[   4.38] atrmis0:IS: Decd cas
[ 16716] pufr-nrc:  nrc cps.  5.965] ledigpurestedo diteactivi oCP
[ 16241]ETRestedrotocol family 10

[   16.393825] NET: Registered protocol family 17
[   16.394590] Key type dns_resolver registered
[   16.395514] Using IPI No-Shortcut mode
[   16.396797] registered taskstats version 1
[   16.397436] Loading compiled-in X.509 certificates
[   16.399761] Loaded X.509 cert uid ti autogenerated kernel key: 94e0aa8802c72e564137a0b5a234dba96bfe4cb5'
[   16.522626] zswap: loaded using pool lzo/zbud

[   16.525254] Key type trusted registered
[   16.619878] Key type encrypted registered
[   16.668251] AppArmor: AppArmor sha1 policy hashing enabled
[   16.795059] ima: No TPM chip found, activating TPM-bypass!
[   16.795894] ima: Allocated hash algorithm: sha1
[   16.796630] evm: HMAC attrs: 0x1
[   16.797494]   Magic number: 15:53:353
[   16.877512] rtc_cmos rtc_cmos: setting system clock to 2019-04-18 23:19:57 UTC (1555629597)
[   .836 BS EDD facility v0.16 2004-Jun-25, 0 devices found
[   17.088502] EDD information not available.

[   17.089867] Freeing unused kernel memory: 932K
[   17.118753] Write protecting the kernel text: 8100k
[   18.197384] Write protecting the kernel read-only data: 3192k
[   18.471832] NX-protecting the kernel data: 6236k
Loading, please wait...
starting version 229
[   18.484299] random: systemd-udevd: uninitialized urandom read (16 bytes read, 0 bits of entropy available)
[   18.484878] random: udevadm: uninitialized urandom read (16 bytes read, 0 bits of entropy available)
[   18.493476] random: udevadm: uninitialized urandom read (16 bytes read, 0 bits of entropy available)
[   18.493511] random: udevadm: uninitialized urandom read (16 bytes read, 0 bits of entropy available)
[   18.493641] random: udevadm: uninitialized urandom read (16 bytes read, 0 bits of entropy available)
[   18.493682] random: udevadm: uninitialized urandom read (16 bytes read, 0 bits of entropy available)
[   18.493722] random: udevadm: uninitialized urandom read (16 bytes read, 0 bits of entropy available)
[   18.493779] random: udevadm: uninitialized urandom read (16 bytes read, 0 bits of entropy available)
[   18.493820] random: udevadm: uninitialized urandom read (16 bytes read, 0 bits of entropy available)
[   18.493858] random: udevadm: uninitialized urandom read (16 bytes read, 0 bits of entropy available)
[   18.568027] e1000: Intel(R) PRO/1000 Network Driver - version 7.3.21-k8-NAPI
[   18.569192] e1000: Copyright (c) 1999-2006 Intel Corporation.
[   18.582606] Fusion MPT base driver 3.04.20
[   18.583325] Copyright (c) 1999-2008 LSI Corporation
[   18.608356] Fusion MPT SPI Host driver 3.04.20
[   18.785764] input: ImExPS/2 Generic Explorer Mouse as /devices/platform/i8042/serio1/input/input4
[   18.920355] e1000 0000:00:03.0 eth0: (PCI:33MHz:32-bit) 02:2c:3a:b6:14:6d
[   18.920358] e1000 0000:00:03.0 eth0: Intel(R) PRO/1000 Network Connection
[   19.087537] e1000 0000:00:03.0 enp0s3: renamed from eth0
[   19.088085] mptbase: ioc0: Initiating bringup
[   19.411583] ioc0: LSI53C1030 A0: Capabilities={Initiator}
[   20.506293] scsi host2: ioc0: LSI53C1030 A0, FwRev=00000000h, Ports=1, MaxQ=256, IRQ=20
[   20.850597] scsi 2:0:0:0: Direct-Access     VBOX     HARDDISK         1.0  PQ: 0 ANSI: 5
[   21.705629] scsi target2:0:0: Beginning Domain Validation
[   21.824703] scsi target2:0:0: Domain Validation skipping write tests
[   21.825734] scsi target2:0:0: Ending Domain Validation
[   21.966645] scsi target2:0:0: asynchronous
[   22.054384] scsi 2:0:1:0: Direct-Access     VBOX     HARDDISK         1.0  PQ: 0 ANSI: 5
[   22.217470] scsi target2:0:1: Beginning Domain Validation
[   22.598373] scsi target2:0:1: Domain Validation skipping write tests
[   22.607882] scsi target2:0:1: Ending Domain Validation
[   22.608853] scsi target2:0:1: asynchronous
[   22.617691] sd 2:0:0:0: [sda] 20971520 512-byte logical blocks: (10.7 GB/10.0 GiB)
[   22.618990] sd 2:0:0:0: Attached scsi generic sg0 type 0
[   22.619859] sd 2:0:0:0: [sda] Write Protect is off
[   22.620795] sd 2:0:0:0: [sda] Incomplete mode parameter data
[   22.621615] sd 2:0:0:0: [sda] Assuming drive cache: write through
[   22.622987] sd 2:0:1:0: [sdb] 20480 512-byte logical blocks: (10.5 MB/10.0 MiB)
[   22.632265] sd 2:0:1:0: [sdb] Write Protect is off
[   22.632331] sd 2:0:1:0: Attached scsi generic sg1 type 0
[   22.633945] sd 2:0:1:0: [sdb] Incomplete mode parameter data
[   22.759224] sd 2:0:1:0: [sdb] Assuming drive cache: write through
[   22.962309]  sda: sda1
[   22.964474] sd 2:0:1:0: [sdb] Attached SCSI disk
[   23.071000] sd 2:0:0:0: [sda] Attached SCSI disk
Begin: Loading e[   24.471494] md: linear personality registered for level -1
ssential drivers[   24.572563] md: multipath personality registered for level -4
 ... [   24.770558] md: raid0 personality registered for level 0
[   24.933046] md: raid1 personality registered for level 1
[   25.169113] raid6: mmxx1    gen()  6847 MB/s
[   25.352688] raid6: mmxx2    gen()  6954 MB/s
[   25.553744] raid6: sse1x1   gen()  5805 MB/s
[   25.624526] raid6: sse1x2   gen()  6227 MB/s
[   25.808944] raid6: sse2x1   gen() 12279 MB/s
[   26.009196] raid6: sse2x1   xor()  8703 MB/s
[   26.169125] raid6: sse2x2   gen() 14863 MB/s
[   26.344969] raid6: sse2x2   xor()  9674 MB/s
[   26.532496] raid6: avx2x1   gen() 25130 MB/s
[   26.645357] raid6: avx2x2   gen() 23977 MB/s
[   26.705410] raid6: using algorithm avx2x1 gen() 25130 MB/s
[   26.734123] raid6: using avx2x1 recovery algorithm
[   26.737760] xor: automatically using best checksumming function:
[   26.925382]    avx       : 26835.000 MB/sec
[   26.998484] async_tx: api initialized (async)
[   27.032865] md: raid6 personality registered for level 6
[   27.165385] md: raid5 personality registered for level 5
[   27.323474] md: raid4 personality registered for level 4
[   27.441213] md: raid10 personality registered for level 10
done.
Begin: Running /scripts/init-premount ... done.
Begin: Mounting root file system ... Begin: Running /scripts/local-top ... done.
Begin: Running /scripts/local-premount ... [   27.526220] Btrfs loaded
Scanning for Btrfs filesystems
done.
Warning: fsck not present, so sk[   27.572350] EXT4-fs (sda1): mounted filesystem with ordered data mode. Opts: (null)
ipping root file system
done.
Begin: Running /scripts/local-bottom ... done.
Begin: Running /scripts/init-bottom ... done.
[   27.685684] systemd[1]: systemd 229 running in system mode. (+PAM +AUDIT +SELINUX +IMA +APPARMOR +SMACK +SYSVINIT +UTMP +LIBCRYPTSETUP +GCRYPT +GNUTLS +ACL +XZ -LZ4 +SECCOMP +BLKID +ELFUTILS +KMOD -IDN)
[   27.689047] systemd[1]: Detected virtualization oracle.
[   27.690156] systemd[1]: Detected architecture x86.

Welcome to [1mUbuntu 16.04.6 LTS[0m!

[   27.696182] systemd[1]: Set hostname to <ubuntu>.
[   27.701801] systemd[1]: Initializing machine ID from random generator.
[   27.703078] systemd[1]: Installed transient /etc/machine-id file.
[   27.823427] systemd[1]: Started Forward Password Requests to Wall Directory Watch.
[[0;32m  OK  [0m] Started Forward Password Requests to Wall Directory Watch.
[   27.826453] systemd[1]: Set up automount Arbitrary Executable File Formats File System Automount Point.
[[0;32m  OK  [0m] Set up automount Arbitrary Executab...ats File System Automount Point.
[ 27879]ysmd[1]: Listening on LVM2 metadata daemon socket.

[[0;32m  OK  [0m] Listening on LVM2 metadata daemon socket.
[ 28690]ysmd]: Creat sceseanSeio Slice
[[0;32m  OK  [0m] Created slice User and Session Slice.
[  28.8282syem1]Lieng  /v/itl mpibilitNad ip
[[0;32m  OK  [0m] Listening on /dev/initctl Compatibility Named Pipe.
[ 29.729730] systemd[1]: Listening on Syslog Socket.

[[0;32m  OK  [0m] Listening on Syslog Socket.
[   9.8238 ste[1 Srt Tgg rolonuptefor twkdNS

[[0;32m  OK  [0m] Started Trigger resolvconf update for networkd DNS.
[   30.661623] systemd[1]: Reached target User and Group Name Lookups.
[[0;32m  OK  [0m] Reached target User and Group Name Lookups.
[   30.663701] systemd[1]: Listening on Journal Socket (/dev/log).
[[0;32m  OK  [0m] Listening on Journal Socket (/dev/log).
[   30.665717] systemd[1]: Reached target Swap.
[[0;32m  OK  [0m] Reached target Swap.
[   30.667542] systemd[1]: Listening on Journal Audit Socket.
[[0;32m  OK  [0m] Listening on Journal Audit Socket.
[   30.669451] systemd[1]: Listening on Journal Socket.
[[0;32m  OK  [0m] Listening on Journal Socket.
[   30.671136] systemd[1]: Reached target Encrypted Volumes.
[[0;32m  OK  [0m] Reached target Encrypted Volumes.
[   30.736102] systemd[1]: Reached target System Time Synchronized.
[[0;32m  OK  [0m] Reached target System Time Synchronized.
[   30.738383] systemd[1]: Created slice System Slice.
[[0;32m  OK  [0m] Created slice System Slice.
[   30.765054] systemd[1]: Starting Load Kernel Modules...
[   30.765774] random: nonblocking pool is initialized
[   30.872330] Loading iSCSI transport class v2.0-870.
         Starting Load Kernel Modules...
[   30.878997] systemd[1]: Mounting Debug File System...
         Mounting Debug File System...
[   30.891296] systemd[1]: Starting Journal Service...
         Starting Journal Service...
[   30.906874] systemd[1]: Starting Remount Root and Kernel File Systems...
         Starting Remount Root and Kernel File Systems...
[   30.909263] iscsi: registered transport (tcp)
[   30.910826] systemd[1]: Mounting Huge Pages File System...
         Mounting Huge Pages File System...
[   30.913370] systemd[1]: Created slice system-serial\x2dgetty.slice.
[[0;32m  OK  [[   30.914598] EXT4-fs (sda1): re-mounted. Opts: (null)
0m] Created slice system-serial\x2dgetty.slice.
[   30.916050] systemd[1]: Starting Nameserver information manager...
         Starting Nameserver information manager...
[   30.918768] systemd[1]: Mounting POSIX Message Queue File System...
         Mounting POSIX Message Queue File System...
[   30.921572] systemd[1]: Starting Uncomplicated firewall...
         Starting Uncomplicated firewall...
[   30.923471] systemd[1]: Listening on udev Control Socket.
[[0;32m  OK  [0m] Listening on udev Control Socket.
[   30.948893] systemd[1]: Listening on LVM2 poll daemon socket.
[[0;32m  OK  [0m] Listening on LVM2 poll daemon socket.
[   30.957279] systemd[1]: Reached target Slices.
[   30.957339] iscsi: registered transport (iser)
[[0;32m  OK  [0m] Reached target Slices.
[   31.008692] systemd[1]: Listening on Device-mapper event daemon FIFOs.
[[0;32m  OK  [0m] Listening on Device-mapper event daemon FIFOs.
[   31.021278] systemd[1]: Starting Monitoring of LVM2 mirrors, snapshots etc. using dmeventd or progress polling...
         Starting Monitoring of LVM2 mirrors... dmeventd or progress polling...
[   31.025872] systemd[1]: Starting Set console keymap...
         Starting Set console keymap...
[   31.035146] systemd[1]: Starting Create list of required static device nodes for the current kernel...
         Starting Create list of required st... nodes for the current kernel...
[   31.269454] systemd[1]: Listening on udev Kernel Socket.
[[0;32m  OK  [0m] Listening on udev Kernel Socket.
[   31.417578] systemd[1]: Mounted POSIX Message Queue File System.
[[0;32m  OK  [0m] Mounted POSIX Message Queue File System.
[   31.488833] systemd[1]: Mounted Huge Pages File System.
[[0;32m  OK  [0m] Mounted Huge Pages File System.
[   31.561242] systemd[1]: Mounted Debug File System.
[[0;32m  OK  [0m] Mounted Debug File System.
[   31.640842] systemd[1]: Started Journal Service.
[[0;32m  OK  [0m] Started Journal Service.
[[0;32m  OK  [0m] Started Load Kernel Modules.
[[0;32m  OK  [0m] Started Remount Root and Kernel File Systems.
[[0;32m  OK  [0m] Started Uncomplicated firewall.
[[0;32m  OK  [0m] Started Set console keymap.
[[0;32m  OK  [0m] Started Create list of required sta...ce nodes for the current kernel.
[[0;32m  OK  [0m] Started Nameserver information manager.
[[0;32m  OK  [0m] Started LVM2 metadata daemon.
         Starting Create Static Device Nodes in /dev...
         Starting udev Coldplug all Devices...
         Starting Load/Save Random Seed...
         Starting Apply Kernel Variables...
         Mounting FUSE Control File System...
         Starting Flush Journal to Persistent Storage...
[[0;32m  OK  [0m] Mounted FUSE Control File System.
[[0;32m  OK  [0m] Started Monitoring of LVM2 mirrors,...ng dmeventd or progress polling.
[[0;32m  OK  [0m] Started Create Static Device Nodes in /dev.
[[0;32m  OK  [0m] Started Load/Save Random Seed.
[[0;32m  OK  [0m] Started Apply Kernel Variables.
[[0;32m  OK  [0m] Started udev Coldplug all Devices.
         Starting udev Kernel Device Manager...
[[0;32m  OK  [0m] Reached target Local File Systems (Pre).
[[0;32m  OK  [0m] Reached target Local File Systems.
         Starting Tell Plymouth To Write Out Runtime Data...
         Starting LSB: AppArmor initialization...
         Starting Commit a transient machine-id on disk...
         Starting Initial cloud-init job (pre-networking)...
         Starting Set console font and keymap...
[[0;32m  OK  [0m] Started udev Kernel Device Manager.
[[0;32m  OK  [0m] Started Flush Journal to Persistent Storage.
[[0;32m  OK  [0m] Started Tell Plymouth To Write Out Runtime Data.
[[0;32m  OK  [0m] Started Commit a transient machine-id on disk.
[[0;32m  OK  [0m] Found device /dev/ttyS0.
[[0;32m  OK  [0m] Listening on Load/Save RF Kill Switch Status /dev/rfkill Watch.
         Starting Create Volatile Files and Directories...
[[0;32m  OK  [0m] Started Dispatch Password Requests to Console Directory Watch.
[[0;32m  OK  [0m] Started LSB: AppArmor initialization.
[   29.013795] cloud-init[471]: Cloud-init v. 18.5-45-g3554ffe8-0ubuntu1~16.04.1 running 'init-local' at Thu, 18 Apr 2019 23:20:13 +0000. Up 28.61 seconds.
[[0;32m  OK  [0m] Started Create Volatile Files and Directories.
[[0;32m  OK  [0m] Started Initial cloud-init job (pre-networking).
[[0;32m  OK  [0m] Reached target Network (Pre).
         Starting Update UTMP about System Boot/Shutdown...
         Starting Raise network interfaces...
[[0;32m  OK  [0m] Started Set console font and keymap.
[[0;32m  OK  [0m] Started Update UTMP about System Boot/Shutdown.
[[0;32m  OK  [0m] Created slice system-getty.slice.
[[0;32m  OK  [0m] Started Raise network interfaces.
         Starting Initial cloud-init job (metadata service crawler)...
[[0;32m  OK  [0m] Reached target Network.
[   30.582916] cloud-init[920]: Cloud-init v. 18.5-45-g3554ffe8-0ubuntu1~16.04.1 running 'init' at Thu, 18 Apr 2019 23:20:15 +0000. Up 29.94 seconds.
[   30.728501] cloud-init[920]: ci-info: ++++++++++++++++++++++++++++++++++++++Net device info++++++++++++++++++++++++++++++++++++++
[   30.728743] cloud-init[920]: ci-info: +--------+------+----------------------------+---------------+--------+-------------------+
[[0;32m  OK  [0m] Started Initial cloud-init job (metadata service crawler).
[   30.729021] cloud-init[920]: ci-info: | Device |  Up  |          Address           |      Mask     | Scope  |     Hw-Address    |
[   31.173099] cloud-init[920]: ci-info: +--------+------+----------------------------+---------------+--------+-------------------+
[   31.173357] cloud-init[920]: ci-info: | enp0s3 | True |         10.0.2.15          | 255.255.255.0 | global | 02:2c:3a:b6:14:6d |
[[0;32m  OK  [0m] Reached target Cloud-config availability.
[   31.173649] cloud-init[920]: ci-info: | enp0s3 | True | fe80::2c:3aff:feb6:146d/64 |       .       |  link  | 02:2c:3a:b6:14:6d |
[   31.429162] cloud-init[920]: ci-info: |   lo   | True |         127.0.0.1          |   255.0.0.0   |  host  |         .         |
[[0;32m  OK  [0m] Reached target System Initialization.
[[   31.429448] cloud-init[920]: ci-info: |   lo   | True |          ::1/128           |       .       |  host  |         .         |
[   31.704513] cloud-init[920]: ci-info: +--------+------+----------------------------+---------------+--------+-------------------+
[   31.704751] cloud-init[920]: ci-info: +++++++++++++++++++++++++++Route IPv4 info++++++++++++++++++++++++++++
[   31.705035] cloud-init[920]: ci-info: +-------+-------------+----------+---------------+-----------+-------+
[   31.705247] cloud-init[920]: ci-info: | Route | Destination | Gateway  |    Genmask    | Interface | Flags |
[   31.705452] cloud-init[920]: ci-info: +-------+-------------+----------+---------------+-----------+-------+
[   31.705684] cloud-init[920]: ci-info: |   0   |   0.0.0.0   | 10.0.2.2 |    0.0.0.0    |   enp0s3  |   UG  |
[   31.706210] cloud-init[920]: ci-info: |   1   |   10.0.2.0  | 0.0.0.0  | 255.255.255.0 |   enp0s3  |   U   |
[   31.706453] cloud-init[920]: ci-info: +-------+-------------+----------+---------------+-----------+-------+
[   31.706709] cloud-init[920]: ci-info: +++++++++++++++++++Route IPv6 info+++++++++++++++++++
[   31.706943] cloud-init[920]: ci-info: +-------+-------------+---------+-----------+-------+
[   31.707213] cloud-init[920]: ci-info: | Route | Destination | Gateway | Interface | Flags |
[0;32m  OK  [0m] Started Daily apt download activities.
[   31.707462] cloud-init[920]: ci-info: +-------+-------------+---------+-----------+-------+
[   32.732735] cloud-init[920]: ci-info: |   0   |  fe80::/64  |    ::   |   enp0s3  |   U   |
[[0;32m  OK  [0m] Listening on ACPID Listen Socket.
[   32.732989] cloud-init[920]: ci-info: |   3   |   ff00::/8  |    ::   |   enp0s3  |   U   |
[   32.968905] cloud-init[920]: ci-info: +-------+-------------+---------+-----------+-------+
[   32.969210] cloud-init[920]: Generating public/private rsa key pair.
[[0;32m  OK  [0m] Started ACPI Events Check.
[   32.969449] cloud-init[920]: Your identification has been saved in /etc/ssh/ssh_host_rsa_key.
[   33.153310] cloud-init[920]: Your public key has been saved in /etc/ssh/ssh_host_rsa_key.pub.
[[0;32m  OK  [0m] Reached target Paths.
[   33.153602] cloud-init[920]: The key fingerprint is:
[   33.340501] cloud-init[920]: SHA256:5B6AO0eGBHvNmvR+EIPidrmZExL94TyRzOS1h8fwl1U root@ubuntu-xenial
[[0;32m  OK  [0m] Listening on D-Bus System Message Bus Socket.
[   33.340706] cloud-init[920]: The key's randomart image is:
[   33.529458] cloud-init[920]: +---[RSA 2048]----+
[[0;32m  OK  [0m] Started Daily Cleanup of Temporary Directories.
[[   33.529716] cloud-init[920]: |  ... . o     ..E|
[   33.578632] cloud-init[920]: |   + @ o *   o   |
[   33.578854] cloud-init[920]: |  + B / + = o    |
[   33.579049] cloud-init[920]: | . = % O o .     |
[   33.579249] cloud-init[920]: |  + O O S        |
[   33.579441] cloud-init[920]: | . o O + .       |
[   33.579625] cloud-init[920]: |    = . o        |
[   33.579832] cloud-init[920]: |     . .         |
[   33.580261] cloud-init[920]: |                 |
[   33.580436] cloud-init[920]: +----[SHA256]-----+
[   33.580636] cloud-init[920]: Generating public/private dsa key pair.
[   33.580836] cloud-init[920]: Your identification has been saved in /etc/ssh/ssh_host_dsa_key.
[   33.581042] cloud-init[920]: Your public key has been saved in /etc/ssh/ssh_host_dsa_key.pub.
[   33.581238] cloud-init[920]: The key fingerprint is:
[   33.581574] cloud-init[920]: SHA256:bRSurEwvAXko7aMVtpjeIUM8cD7TNJd0ocC3pg0qMQQ root@ubuntu-xenial
[   33.581771] cloud-init[920]: The key's randomart image is:
[   33.581956] cloud-init[920]: +---[DSA 1024]----+
[   33.582174] cloud-init[920]: |E ..+.o.o..      |
[   33.582539] cloud-init[920]: | * +.*oo . .     |
[   33.582700] cloud-init[920]: |. O O.o.  o      |
[   33.582932] cloud-init[920]: |o. X.=o. +       |
[   33.583129] cloud-init[920]: | o=.*=o S o      |
[   33.583313] cloud-init[920]: |...*.=.+ .       |
[   33.583622] cloud-init[920]: | .o . + .        |
[   33.583744] cloud-init[920]: |       .         |
[   33.583855] cloud-init[920]: |                 |
[   33.584262] cloud-init[920]: +----[SHA256]-----+
[   33.584511] cloud-init[920]: Generating public/private ecdsa key pair.
[0;32m  OK  [0m] Listening on UUID daemon activation socket.
[   33.584715] cloud-init[920]: Your identification has been saved in /etc/ssh/ssh_host_ecdsa_key.
[   33.987596] cloud-init[920]: Your public key has been saved in /etc/ssh/ssh_host_ecdsa_key.pub.
[   33.987813] cloud-init[920]: The key fingerprint is:
[   33.988121] cloud-init[920]: SHA256:Gapj3mBJJgx44dkwwI159q+rjW4DYwClDDiUAzVBNDg root@ubuntu-xenial
[   33.988294] cloud-init[920]: The key's randomart image is:
[   33.988461] cloud-init[920]: +---[ECDSA 256]---+
[   33.988676] cloud-init[920]: |OO^.             |
[   33.988867] cloud-init[920]: |EO %             |
[   33.989061] cloud-init[920]: |=+B o   .        |
[   33.989254] cloud-init[920]: |.+   . . o       |
[   33.989479] cloud-init[920]: |. o o o S        |
[   33.989673] cloud-init[920]: | + + o .         |
[   33.989836] cloud-init[920]: |. o B .          |
[   33.990004] cloud-init[920]: |   *o=           |
[   33.990224] cloud-init[920]: |  o++oo          |
[   33.990477] cloud-init[920]: +----[SHA256]-----+
[   33.990730] cloud-init[920]: Generating public/private ed25519 key pair.
[   33.990976] cloud-init[920]: Your identification has been saved in /etc/ssh/ssh_host_ed25519_key.
[   33.991143] cloud-init[920]: Your public key has been saved in /etc/ssh/ssh_host_ed25519_key.pub.
[   33.991348] cloud-init[920]: The key fingerprint is:
[   33.991554] cloud-init[920]: SHA256:wNCpWgTumGVFzx4TelpaChvJLDeISj4i3mxdRFDo8Hs root@ubuntu-xenial
[   33.991824] cloud-init[920]: The key's randomart image is:
[   33.991991] cloud-init[920]: +--[ED25519 256]--+
[   33.992416] cloud-init[920]: |  .o+o=+         |
[   33.992599] cloud-init[920]: |.= +.B+.         |
[   33.992765] cloud-init[920]: |+.%.=.@.         |
[   33.992932] cloud-init[920]: |+O =o@.+         |
[   33.993151] cloud-init[920]: |*ooo+ o.S        |
[   33.993402] cloud-init[920]: |+ = ...E         |
[   33.993644] cloud-init[920]: | . + ..          |
[   33.993901] cloud-init[920]: |  .              |
[[0;32m  OK  [0m] Started Daily apt upgrade and clean activities.
[   33.994423] cloud-init[920]: |                 |
[   35.218031] cloud-init[920]: +----[SHA256]-----+
         Starting LXD - unix socket.
         Starting Socket activation for snappy daemon.
[[0;32m  OK  [0m] Reached target Timers.
[[0;32m  OK  [0m] Reached target Network is Online.
         Starting iSCSI initiator daemon (iscsid)...
[[0;32m  OK  [0m] Listening on LXD - unix socket.
[[0;32m  OK  [0m] Listening on Socket activation for snappy daemon.
[[0;32m  OK  [0m] Reached target Sockets.
[[0;32m  OK  [0m] Reached target Basic System.
         Starting /etc/rc.local Compatibility...
         Starting Accounts Service...
[[0;32m  OK  [0m] Started ACPI event daemon.
[[0;32m  OK  [0m] Started Deferred execution scheduler.
         Starting LSB: MD monitoring daemon...
[[0;32m  OK  [0m] Started Unattended Upgrades Shutdown.
         Starting Login Service...
[[0;32m  OK  [0m] Started D-Bus System Message Bus.
[[0;32m  OK  [0m] Started Regular background program processing daemon.
         Starting System Logging Service...
[[0;32m  OK  [0m] Started FUSE filesystem for LXC.
         Starting LSB: Record successful boot for GRUB...
         Starting Pollinate to seed the pseudo random number generator...
         Starting Snappy daemon...
         Starting Virtualbox guest utils...
         Starting LXD - container startup/shutdown...
[[0;32m  OK  [0m] Started System Logging Service.
[[0;32m  OK  [0m] Started iSCSI initiator daemon (iscsid).
[[0;32m  OK  [0m] Started /etc/rc.local Compatibility.
[[0;32m  OK  [0m] Started LSB: MD monitoring daemon.
[[0;32m  OK  [0m] Started LSB: Record successful boot for GRUB.
[[0;32m  OK  [0m] Started LXD - container startup/shutdown.
[[0;32m  OK  [0m] Started Login Service.
         Starting Authenticate and Authorize Users to Run Privileged Tasks...
         Starting Login to default iSCSI targets...
[[0;32m  OK  [0m] Started Snappy daemon.
[[0;32m  OK  [0m] Started Virtualbox guest utils.
[[0;32m  OK  [0m] Started Authenticate and Authorize Users to Run Privileged Tasks.
[[0;32m  OK  [0m] Started Accounts Service.
         Starting Wait until snapd is fully seeded...
[[0;32m  OK  [0m] Started Pollinate to seed the pseudo random number generator.
         Starting OpenBSD Secure Shell server...
[[0;32m  OK  [0m] Started Login to default iSCSI targets.
[[0;32m  OK  [0m] Started OpenBSD Secure Shell server.
[[0;32m  OK  [0m] Reached target Remote File Systems (Pre).
[[0;32m  OK  [0m] Reached target Remote File Systems.
         Starting LSB: daemon to balance interrupts for SMP systems...
         Starting Permit User Sessions...
         Starting LSB: Set the CPU Frequency Scaling governor to "ondemand"...
         Starting LSB: automatic crash report generation...
[[0;32m  OK  [0m] Started Permit User Sessions.
[[0;32m  OK  [0m] Started LSB: Set the CPU Frequency Scaling governor to "ondemand".
[[0;32m  OK  [0m] Started LSB: daemon to balance interrupts for SMP systems.
[[0;32m  OK  [0m] Started LSB: automatic crash report generation.
         Starting Terminate Plymouth Boot Screen...
         Starting Hold until boot process finishes up...
[[0;32m  OK  [0m] Started Terminate Plymouth Boot Screen.
[[0;32m  OK  [0m] Started Wait until snapd is fully seeded.
[[0;32m  OK  [0m] Started Hold until boot process finishes up.
         Starting Set console scheme...
[[0;32m  OK  [0m] Started Getty on tty1.
[[0;32m  OK  [0m] Started Serial Getty on ttyS0.
[[0;32m  OK  [0m] Reached target Login Prompts.
         Starting Apply the settings specified in cloud-config...
[[0;32m  OK  [0m] Reached target Multi-User System.
[[0;32m  OK  [0m] Reached target Graphical Interface.
         Starting Update UTMP about System Runlevel Changes...
[[0;32m  OK  [0m] Started Set console scheme.
[[0;32m  OK  [0m] Started Update UTMP about System Runlevel Changes.
[   38.552412] cloud-init[1243]: Generating locales (this might take a while)...
[   39.156400] cloud-init[1243]:   en_US.UTF-8... done
[   39.157473] cloud-init[1243]: Generation complete.
[[0;32m  OK  [0m] Created slice User Slice of vagrant.
         Starting User Manager for UID 1000...
[[0;32m  OK  [0m] Started User Manager for UID 1000.
[[0;32m  OK  [0m] Started Session 1 of user vagrant.
[   39.449191] cloud-init[1243]: Cloud-init v. 18.5-45-g3554ffe8-0ubuntu1~16.04.1 running 'modules:config' at Thu, 18 Apr 2019 23:20:23 +0000. Up 38.45 seconds.
[[0;32m  OK  [0m] Started Apply the settings specified in cloud-config.
         Starting Execute cloud user/final scripts...
ci-info: no authorized ssh keys fingerprints found for user ubuntu.
<14>Apr 18 23:20:25 ec2: 
<14>Apr 18 23:20:25 ec2: #############################################################
<14>Apr 18 23:20:25 ec2: -----BEGIN SSH HOST KEY FINGERPRINTS-----
<14>Apr 18 23:20:25 ec2: 1024 SHA256:bRSurEwvAXko7aMVtpjeIUM8cD7TNJd0ocC3pg0qMQQ root@ubuntu-xenial (DSA)
<14>Apr 18 23:20:25 ec2: 256 SHA256:Gapj3mBJJgx44dkwwI159q+rjW4DYwClDDiUAzVBNDg root@ubuntu-xenial (ECDSA)
<14>Apr 18 23:20:25 ec2: 256 SHA256:wNCpWgTumGVFzx4TelpaChvJLDeISj4i3mxdRFDo8Hs root@ubuntu-xenial (ED25519)
<14>Apr 18 23:20:25 ec2: 2048 SHA256:5B6AO0eGBHvNmvR+EIPidrmZExL94TyRzOS1h8fwl1U root@ubuntu-xenial (RSA)
<14>Apr 18 23:20:25 ec2: -----END SSH HOST KEY FINGERPRINTS-----
<14>Apr 18 23:20:25 ec2: #############################################################
-----BEGIN SSH HOST KEY KEYS-----
ecdsa-sha2-nistp256 AAAAE2VjZHNhLXNoYTItbmlzdHAyNTYAAAAIbmlzdHAyNTYAAABBBM+9rQn1P8S5gV2sFD8I3qdcf6Ie0sbNL0v0W5BkmAS/Tp9UUg5HIFwwk8IRkxB73v73qekarBwbmC6yPkDEIyc= root@ubuntu-xenial
ssh-ed25519 AAAAC3NzaC1lZDI1NTE5AAAAIE2eCY9JEUSsibGjfuwxM+ppxn1hgwIAEMteL3EpCDl2 root@ubuntu-xenial
ssh-rsa AAAAB3NzaC1yc2EAAAADAQABAAABAQDI21bjQIfSlOIMhSDMPd6VhbVAcB6e0ke/k7orJUqR31Zrrn5kV/J6s2RTeYAgtruFNzva1C15wpfN8q6GD+IcBwdsVJyXFiaqpVAOBWqQJRsD4DgtqgccWLR2DrGBniPGp6Ke0Jwmi8RA42VDcvu5QpjUEoIf/bKYP62w5Ts5rX69fizwsmGrZpH8C01CuiVIurCRDg+8FiYBXE84sCj5A24E2p6uh/yIf/M+btorFhC8EQ8fG3xq53qnXMDktGH0g6CvK4DRQHviNwwr9Ehxj8BRNT4geF9HMW7VfFf9a9mEJG2Pv5euJuKRWq4PjXidaAzX5HJ4gsDsPEzXb0Qp root@ubuntu-xenial
-----END SSH HOST KEY KEYS-----
[   40.551363] cloud-init[1343]: Cloud-init v. 18.5-45-g3554ffe8-0ubuntu1~16.04.1 running 'modules:final' at Thu, 18 Apr 2019 23:20:25 +0000. Up 39.82 seconds.
[   40.571956] cloud-init[1343]: ci-info: no authorized ssh keys fingerprints found for user ubuntu.
[   40.573967] cloud-init[1343]: Cloud-init v. 18.5-45-g3554ffe8-0ubuntu1~16.04.1 finished at Thu, 18 Apr 2019 23:20:25 +0000. Datasource DataSourceNoCloud [seed=/dev/sdb][dsmode=net].  Up 40.54 seconds
[[0;32m  OK  [0m] Started Execute cloud user/final scripts.
[[0;32m  OK  [0m] Reached target Cloud-init target.

Ubuntu 16.04.6 LTS ubuntu-xenial ttyS0

ubuntu-xenial login: 